https://www.google.com/search?q=git+fix+broken+ref
https://stackoverflow.com/questions/15317072/git-repository-broken-after-computer-died/33519220


$ git fetch --all
Fetching orig_1_client
error: cannot lock ref 'refs/remotes/orig_1_client/vendor/sprint_X': unable to resolve reference 'refs/remotes/orig_1_client/vendor/sprint_X': reference broken
From https://git.client.com/client-app
 ! [new branch]        vendor/sprint_X -> orig_1_client/vendor/sprint_X  (unable to update local ref)
error: Could not fetch orig_1_client
Fetching orig_2_vendor
error: cannot lock ref 'refs/remotes/orig_2_vendor/vendor/sprint_X': unable to resolve reference 'refs/remotes/orig_2_vendor/vendor/sprint_X': reference broken
From https://git.vendor.com/for-client/client-app
 ! [new branch]        vendor/sprint_X -> orig_2_vendor/vendor/sprint_X  (unable to update local ref)
error: Could not fetch orig_2_vendor



$ git fsck
Checking object directories: 100% (256/256), done.
Checking objects: 100% (47013/47013), done.
error: refs/remotes/orig_1_client/vendor/sprint_X: invalid sha1 pointer 0000000000000000000000000000000000000000
error: refs/remotes/orig_2_vendor/vendor/sprint_X: invalid sha1 pointer 0000000000000000000000000000000000000000
notice: HEAD points to an unborn branch (master)
error: bad ref for .git/logs/refs/remotes/orig_1_client/vendor/sprint_X
error: bad ref for .git/logs/refs/remotes/orig_2_vendor/vendor/sprint_X
dangling commit xxxxxxxxxxxxxxxxxxxxxxxxxxxxxxxxxxxxxxxx
dangling commit xxxxxxxxxxxxxxxxxxxxxxxxxxxxxxxxxxxxxxxx
dangling commit xxxxxxxxxxxxxxxxxxxxxxxxxxxxxxxxxxxxxxxx

$ echo $?
2

$ git prune
fatal: unable to parse object: refs/remotes/orig_1_client/vendor/sprint_X

$ echo $?
128
